
> ai-chatbot@3.1.0 build
> next build

[baseline-browser-mapping] The data in this module is over two months old.  To ensure accurate Baseline data, please update: `npm i baseline-browser-mapping@latest -D`
 ⚠ Warning: Next.js inferred your workspace root, but it may not be correct.
 We detected multiple lockfiles and selected the directory of C:\Users\HYPE R Series\package-lock.json as the root directory.
 To silence this warning, set `turbopack.root` in your Next.js config, or consider removing one of the lockfiles if it's not needed.
   See https://nextjs.org/docs/app/api-reference/config/next-config-js/turbopack#root-directory for more information.
 Detected additional lockfiles: 
   * C:\Users\HYPE R Series\OneDrive\Dokumen\UltramaxoV2\package-lock.json
   * C:\Users\HYPE R Series\OneDrive\Dokumen\package-lock.json

   ▲ Next.js 16.0.10 (Turbopack)
   - Environments: .env.local

 ⚠ The "middleware" file convention is deprecated. Please use "proxy" instead. Learn more: https://nextjs.org/docs/messages/middleware-to-proxy
   Creating an optimized production build ...
[baseline-browser-mapping] The data in this module is over two months old.  To ensure accurate Baseline data, please update: `npm i baseline-browser-mapping@latest -D`
 ✓ Compiled successfully in 2.2min
   Running TypeScript ...
Failed to compile.

./artifacts/code/client.tsx:484:10
Type error: Type 'string' is not assignable to type '"streaming" | "idle"'.

[0m [90m 482 |[39m 									files[33m=[39m{files}
 [90m 483 |[39m 									activeFileIndex[33m=[39m{activeFileIndex}
[31m[1m>[22m[39m[90m 484 |[39m 									status[33m=[39m{status}
 [90m     |[39m 									[31m[1m^[22m[39m
 [90m 485 |[39m 								[33m/[39m[33m>[39m
 [90m 486 |[39m 							[33m<[39m[33m/[39m[33mdiv[39m[33m>[39m
 [90m 487 |[39m 						) [33m:[39m ([0m
Next.js build worker exited with code: 1 and signal: null
