
> ai-chatbot@3.1.0 format
> ultracite fix

Biome encountered an unexpected error

This is a bug in Biome, not an error in your code, and we would appreciate it if you could report it to https://github.com/biomejs/biome/issues/ along with the following information to help us fixing the issue.

When opening the issue, please provide a minimal reproduction, or identify and share the file/code that triggers it. Without a way to reproduce the error, the error can't be fixed:

Source Location: crates\biome_js_formatter\src\utils\string_utils.rs:164:33
Thread Name: biome::workspace_worker_9
Message: byte index 1 is out of bounds of ``
Stack Trace: Re-run with `RUST_BACKTRACE=1` to capture the stack trace

Biome encountered an unexpected error

This is a bug in Biome, not an error in your code, and we would appreciate it if you could report it to https://github.com/biomejs/biome/issues/ along with the following information to help us fixing the issue.

When opening the issue, please provide a minimal reproduction, or identify and share the file/code that triggers it. Without a way to reproduce the error, the error can't be fixed:

Source Location: crates\biome_js_formatter\src\utils\string_utils.rs:164:33
Thread Name: biome::workspace_worker_5
Message: byte index 1 is out of bounds of ``
Stack Trace: Re-run with `RUST_BACKTRACE=1` to capture the stack trace

Biome encountered an unexpected error

This is a bug in Biome, not an error in your code, and we would appreciate it if you could report it to https://github.com/biomejs/biome/issues/ along with the following information to help us fixing the issue.

When opening the issue, please provide a minimal reproduction, or identify and share the file/code that triggers it. Without a way to reproduce the error, the error can't be fixed:

Source Location: crates\biome_js_formatter\src\utils\string_utils.rs:164:33
Thread Name: biome::workspace_worker_2
Message: byte index 1 is out of bounds of ``
Stack Trace: Re-run with `RUST_BACKTRACE=1` to capture the stack trace

Biome encountered an unexpected error

This is a bug in Biome, not an error in your code, and we would appreciate it if you could report it to https://github.com/biomejs/biome/issues/ along with the following information to help us fixing the issue.

When opening the issue, please provide a minimal reproduction, or identify and share the file/code that triggers it. Without a way to reproduce the error, the error can't be fixed:

Source Location: crates\biome_js_formatter\src\utils\string_utils.rs:164:33
Thread Name: biome::workspace_worker_6
Message: byte index 1 is out of bounds of ``
Stack Trace: Re-run with `RUST_BACKTRACE=1` to capture the stack trace

Biome encountered an unexpected error

This is a bug in Biome, not an error in your code, and we would appreciate it if you could report it to https://github.com/biomejs/biome/issues/ along with the following information to help us fixing the issue.

When opening the issue, please provide a minimal reproduction, or identify and share the file/code that triggers it. Without a way to reproduce the error, the error can't be fixed:

Source Location: crates\biome_js_formatter\src\utils\string_utils.rs:164:33
Thread Name: biome::workspace_worker_1
Message: byte index 1 is out of bounds of ``
Stack Trace: Re-run with `RUST_BACKTRACE=1` to capture the stack trace

