⏳ Running migrations...
{
  severity_local: 'NOTICE',
  severity: 'NOTICE',
  code: '42P06',
  message: 'schema "drizzle" already exists, skipping',
  file: 'schemacmds.c',
  line: '132',
  routine: 'CreateSchemaCommand'
}
{
  severity_local: 'NOTICE',
  severity: 'NOTICE',
  code: '42P07',
  message: 'relation "__drizzle_migrations" already exists, skipping',
  file: 'parse_utilcmd.c',
  line: '207',
  routine: 'transformCreateStmt'
}
❌ Migration failed
PostgresError: syntax error at or near "ll"
    at ErrorResponse (C:\Users\HYPE R Series\OneDrive\Dokumen\UltramaxoV2\node_modules\postgres\cjs\src\connection.js:815:30)
    at handle (C:\Users\HYPE R Series\OneDrive\Dokumen\UltramaxoV2\node_modules\postgres\cjs\src\connection.js:489:6)
    at TLSSocket.data (C:\Users\HYPE R Series\OneDrive\Dokumen\UltramaxoV2\node_modules\postgres\cjs\src\connection.js:324:9)
    at TLSSocket.emit (node:events:508:28)
    at addChunk (node:internal/streams/readable:559:12)
    at readableAddChunkPushByteMode (node:internal/streams/readable:510:3)
    at Readable.push (node:internal/streams/readable:390:5)
    at TLSWrap.onStreamRead (node:internal/stream_base_commons:189:23) {
  severity_local: 'ERROR',
  severity: 'ERROR',
  code: '42601',
  position: '259',
  file: 'scan.l',
  line: '1244',
  routine: 'scanner_yyerror'
}
