.next/dev/types/validator.ts(106,2): error TS2578: Unused '@ts-expect-error' directive.
.next/dev/types/validator.ts(115,2): error TS2578: Unused '@ts-expect-error' directive.
.next/dev/types/validator.ts(124,2): error TS2578: Unused '@ts-expect-error' directive.
.next/dev/types/validator.ts(135,2): error TS2578: Unused '@ts-expect-error' directive.
.next/dev/types/validator.ts(144,2): error TS2578: Unused '@ts-expect-error' directive.
.next/dev/types/validator.ts(153,2): error TS2578: Unused '@ts-expect-error' directive.
.next/dev/types/validator.ts(162,2): error TS2578: Unused '@ts-expect-error' directive.
.next/dev/types/validator.ts(171,2): error TS2578: Unused '@ts-expect-error' directive.
.next/dev/types/validator.ts(180,2): error TS2578: Unused '@ts-expect-error' directive.
.next/dev/types/validator.ts(189,2): error TS2578: Unused '@ts-expect-error' directive.
.next/dev/types/validator.ts(198,2): error TS2578: Unused '@ts-expect-error' directive.
.next/dev/types/validator.ts(207,2): error TS2578: Unused '@ts-expect-error' directive.
.next/dev/types/validator.ts(216,2): error TS2578: Unused '@ts-expect-error' directive.
.next/dev/types/validator.ts(228,2): error TS2578: Unused '@ts-expect-error' directive.
.next/dev/types/validator.ts(239,2): error TS2578: Unused '@ts-expect-error' directive.
.next/dev/types/validator.ts(251,2): error TS2578: Unused '@ts-expect-error' directive.
.next/dev/types/validator.ts(261,2): error TS2578: Unused '@ts-expect-error' directive.
.next/dev/types/validator.ts(272,2): error TS2578: Unused '@ts-expect-error' directive.
.next/dev/types/validator.ts(283,2): error TS2578: Unused '@ts-expect-error' directive.
.next/dev/types/validator.ts(294,2): error TS2578: Unused '@ts-expect-error' directive.
.next/dev/types/validator.ts(305,2): error TS2578: Unused '@ts-expect-error' directive.
.next/dev/types/validator.ts(316,2): error TS2578: Unused '@ts-expect-error' directive.
.next/dev/types/validator.ts(326,2): error TS2578: Unused '@ts-expect-error' directive.
.next/dev/types/validator.ts(338,2): error TS2578: Unused '@ts-expect-error' directive.
.next/dev/types/validator.ts(350,2): error TS2578: Unused '@ts-expect-error' directive.
.next/dev/types/validator.ts(362,2): error TS2578: Unused '@ts-expect-error' directive.
.next/dev/types/validator.ts(374,2): error TS2578: Unused '@ts-expect-error' directive.
.next/dev/types/validator.ts(384,2): error TS2578: Unused '@ts-expect-error' directive.
.next/dev/types/validator.ts(396,2): error TS2578: Unused '@ts-expect-error' directive.
.next/dev/types/validator.ts(406,2): error TS2578: Unused '@ts-expect-error' directive.
.next/dev/types/validator.ts(418,2): error TS2578: Unused '@ts-expect-error' directive.
.next/dev/types/validator.ts(430,2): error TS2578: Unused '@ts-expect-error' directive.
.next/dev/types/validator.ts(442,2): error TS2578: Unused '@ts-expect-error' directive.
.next/dev/types/validator.ts(454,2): error TS2578: Unused '@ts-expect-error' directive.
.next/dev/types/validator.ts(466,2): error TS2578: Unused '@ts-expect-error' directive.
.next/dev/types/validator.ts(476,2): error TS2578: Unused '@ts-expect-error' directive.
.next/dev/types/validator.ts(486,2): error TS2578: Unused '@ts-expect-error' directive.
.next/dev/types/validator.ts(496,2): error TS2578: Unused '@ts-expect-error' directive.
.next/dev/types/validator.ts(508,2): error TS2578: Unused '@ts-expect-error' directive.
.next/dev/types/validator.ts(518,2): error TS2578: Unused '@ts-expect-error' directive.
.next/dev/types/validator.ts(528,2): error TS2578: Unused '@ts-expect-error' directive.
.next/dev/types/validator.ts(538,2): error TS2578: Unused '@ts-expect-error' directive.
.next/dev/types/validator.ts(548,2): error TS2578: Unused '@ts-expect-error' directive.
.next/dev/types/validator.ts(558,2): error TS2578: Unused '@ts-expect-error' directive.
.next/dev/types/validator.ts(569,2): error TS2578: Unused '@ts-expect-error' directive.
.next/dev/types/validator.ts(581,2): error TS2578: Unused '@ts-expect-error' directive.
.next/dev/types/validator.ts(593,2): error TS2578: Unused '@ts-expect-error' directive.
.next/dev/types/validator.ts(602,2): error TS2578: Unused '@ts-expect-error' directive.
.next/dev/types/validator.ts(611,2): error TS2578: Unused '@ts-expect-error' directive.
.next/types/validator.ts(106,2): error TS2578: Unused '@ts-expect-error' directive.
.next/types/validator.ts(115,2): error TS2578: Unused '@ts-expect-error' directive.
.next/types/validator.ts(124,2): error TS2578: Unused '@ts-expect-error' directive.
.next/types/validator.ts(135,2): error TS2578: Unused '@ts-expect-error' directive.
.next/types/validator.ts(144,2): error TS2578: Unused '@ts-expect-error' directive.
.next/types/validator.ts(153,2): error TS2578: Unused '@ts-expect-error' directive.
.next/types/validator.ts(162,2): error TS2578: Unused '@ts-expect-error' directive.
.next/types/validator.ts(171,2): error TS2578: Unused '@ts-expect-error' directive.
.next/types/validator.ts(180,2): error TS2578: Unused '@ts-expect-error' directive.
.next/types/validator.ts(189,2): error TS2578: Unused '@ts-expect-error' directive.
.next/types/validator.ts(198,2): error TS2578: Unused '@ts-expect-error' directive.
.next/types/validator.ts(207,2): error TS2578: Unused '@ts-expect-error' directive.
.next/types/validator.ts(216,2): error TS2578: Unused '@ts-expect-error' directive.
.next/types/validator.ts(228,2): error TS2578: Unused '@ts-expect-error' directive.
.next/types/validator.ts(239,2): error TS2578: Unused '@ts-expect-error' directive.
.next/types/validator.ts(251,2): error TS2578: Unused '@ts-expect-error' directive.
.next/types/validator.ts(261,2): error TS2578: Unused '@ts-expect-error' directive.
.next/types/validator.ts(271,2): error TS2578: Unused '@ts-expect-error' directive.
.next/types/validator.ts(282,2): error TS2578: Unused '@ts-expect-error' directive.
.next/types/validator.ts(292,2): error TS2578: Unused '@ts-expect-error' directive.
.next/types/validator.ts(302,2): error TS2578: Unused '@ts-expect-error' directive.
.next/types/validator.ts(313,2): error TS2578: Unused '@ts-expect-error' directive.
.next/types/validator.ts(323,2): error TS2578: Unused '@ts-expect-error' directive.
.next/types/validator.ts(334,2): error TS2578: Unused '@ts-expect-error' directive.
.next/types/validator.ts(345,2): error TS2578: Unused '@ts-expect-error' directive.
.next/types/validator.ts(357,2): error TS2578: Unused '@ts-expect-error' directive.
.next/types/validator.ts(369,2): error TS2578: Unused '@ts-expect-error' directive.
.next/types/validator.ts(379,2): error TS2578: Unused '@ts-expect-error' directive.
.next/types/validator.ts(391,2): error TS2578: Unused '@ts-expect-error' directive.
.next/types/validator.ts(401,2): error TS2578: Unused '@ts-expect-error' directive.
.next/types/validator.ts(412,2): error TS2578: Unused '@ts-expect-error' directive.
.next/types/validator.ts(424,2): error TS2578: Unused '@ts-expect-error' directive.
.next/types/validator.ts(436,2): error TS2578: Unused '@ts-expect-error' directive.
.next/types/validator.ts(447,2): error TS2578: Unused '@ts-expect-error' directive.
.next/types/validator.ts(459,2): error TS2578: Unused '@ts-expect-error' directive.
.next/types/validator.ts(469,2): error TS2578: Unused '@ts-expect-error' directive.
.next/types/validator.ts(479,2): error TS2578: Unused '@ts-expect-error' directive.
.next/types/validator.ts(489,2): error TS2578: Unused '@ts-expect-error' directive.
.next/types/validator.ts(500,2): error TS2578: Unused '@ts-expect-error' directive.
.next/types/validator.ts(510,2): error TS2578: Unused '@ts-expect-error' directive.
.next/types/validator.ts(520,2): error TS2578: Unused '@ts-expect-error' directive.
.next/types/validator.ts(530,2): error TS2578: Unused '@ts-expect-error' directive.
.next/types/validator.ts(540,2): error TS2578: Unused '@ts-expect-error' directive.
.next/types/validator.ts(550,2): error TS2578: Unused '@ts-expect-error' directive.
.next/types/validator.ts(560,2): error TS2578: Unused '@ts-expect-error' directive.
.next/types/validator.ts(572,2): error TS2578: Unused '@ts-expect-error' directive.
.next/types/validator.ts(584,2): error TS2578: Unused '@ts-expect-error' directive.
.next/types/validator.ts(593,2): error TS2578: Unused '@ts-expect-error' directive.
.next/types/validator.ts(602,2): error TS2578: Unused '@ts-expect-error' directive.
components/chat.tsx(467,5): error TS2322: Type '{ addToolApprovalResponse: ChatAddToolApproveResponseFunction; attachments: Attachment[]; chatId: string; deepThinkingEnabled: boolean; ... 21 more ...; wormgptEnabled: boolean; }' is not assignable to type 'IntrinsicAttributes & { addToolApprovalResponse: ChatAddToolApproveResponseFunction; chatId: string; input: string; ... 18 more ...; setWebSearchEnabled: Dispatch<...>; }'.
  Property 'fullstackModeEnabled' does not exist on type 'IntrinsicAttributes & { addToolApprovalResponse: ChatAddToolApproveResponseFunction; chatId: string; input: string; ... 18 more ...; setWebSearchEnabled: Dispatch<...>; }'.
